============================= test session starts =============================
platform win32 -- Python 3.12.4, pytest-7.4.3, pluggy-1.6.0
django: version: 5.1.4, settings: config.settings.test (from ini)
rootdir: C:\Users\brian\Documents\django-core
configfile: pyproject.toml
testpaths: tests
plugins: anyio-4.12.1, Faker-40.4.0, cov-7.0.0, django-4.7.0, factoryboy-2.8.1, mock-3.15.1
collected 3532 items / 3 skipped

tests\test_legacy_cleanup.py ..                                          [  0%]
tests\test_security_rbac.py ......                                       [  0%]
tests\test_security_regression.py ............                           [  0%]
tests\accounts\test_active_context_endpoint.py .......                   [  0%]
tests\accounts\test_admin_api.py ....................................... [  1%]
                                                                         [  1%]
tests\accounts\test_auth_api.py .........................                [  2%]
tests\accounts\test_create_user_api.py ...                               [  2%]
tests\accounts\test_default_context_endpoint.py ...                      [  2%]
tests\accounts\test_delete_user.py ..                                    [  2%]
tests\accounts\test_demo_commands.py ..s..s...s..s.s.                    [  3%]
tests\accounts\test_integration.py .............                         [  3%]
tests\accounts\test_models.py ...............                            [  4%]
tests\accounts\test_permissions.py ............                          [  4%]
tests\accounts\test_player_privacy.py ........                           [  4%]
tests\accounts\test_user_detail.py .                                     [  4%]
tests\accounts\test_user_detail_complex.py .                             [  4%]
tests\audit\test_admin.py .................                              [  5%]
tests\audit\test_api.py ...................                              [  5%]
tests\audit\test_b08_integration.py .......                              [  5%]
tests\audit\test_commands.py .............                               [  6%]
tests\audit\test_views_filtering.py ...                                  [  6%]
tests\branding\test_integration.py .........                             [  6%]
tests\branding\test_models.py ........................                   [  7%]
tests\branding\test_permissions.py .........................             [  7%]
tests\branding\test_serializers.py .....................                 [  8%]
tests\branding\test_views.py ...........................                 [  9%]
tests\common\test_soft_delete.py .......                                 [  9%]
tests\common\test_translation_logging.py .............                   [  9%]
tests\config\test_i18n_settings.py .......................               [ 10%]
tests\content_generation\test_api.py .............                       [ 10%]
tests\content_generation\test_models.py .....................            [ 11%]
tests\contextual_notifications\integration\test_full_flow.py .....       [ 11%]
tests\contextual_notifications\integration\test_preference_override.py . [ 11%]
...                                                                      [ 11%]
tests\contextual_notifications\integration\test_quiet_hours.py .....     [ 11%]
tests\contextual_notifications\integration\test_suppression.py ......    [ 12%]
tests\contextual_notifications\models\test_notification_preference.py .. [ 12%]
......                                                                   [ 12%]
tests\contextual_notifications\models\test_org_notification_policy.py .. [ 12%]
.......                                                                  [ 12%]
tests\contextual_notifications\models\test_routing_rule.py ............. [ 12%]
..                                                                       [ 12%]
tests\contextual_notifications\services\test_event_service.py .......... [ 13%]
.....                                                                    [ 13%]
tests\contextual_notifications\services\test_suppression_service.py .... [ 13%]
......                                                                   [ 13%]
tests\generative\test_api.py ...................................         [ 14%]
tests\generative\test_commands.py ................                       [ 15%]
tests\generative\test_credits.py .................                       [ 15%]
tests\generative\test_integrations.py ..........F.....                   [ 16%]
tests\generative\test_models.py ........................................ [ 17%]
..                                                                       [ 17%]
tests\generative\test_tasks.py ...........                               [ 17%]
tests\i18n_preferences\test_api.py ............                          [ 17%]
tests\i18n_preferences\test_helpers.py .............                     [ 18%]
tests\i18n_preferences\test_middleware.py ...........                    [ 18%]
tests\i18n_preferences\test_services.py ..............                   [ 18%]
tests\i18n_preferences\test_validators.py .......                        [ 19%]
tests\integration\test_b11_acl.py ......                                 [ 19%]
tests\integration\test_b16_acl.py ......                                 [ 19%]
tests\integration\test_b17_routing.py ......                             [ 19%]
tests\integration\test_permission_caching.py ......                      [ 19%]
tests\integration\test_permissions_current.py .........                  [ 20%]
tests\integration\test_settings_acl.py ................                  [ 20%]
tests\integration\test_structured_403.py ..........                      [ 20%]
tests\medialib\test_collections.py .......                               [ 21%]
tests\medialib\test_relations.py ....                                    [ 21%]
tests\medialib\test_search.py ss...                                      [ 21%]
tests\medialib\test_thumbnails.py ...                                    [ 21%]
tests\navigation\test_api.py .............                               [ 21%]
tests\navigation\test_models.py .........                                [ 22%]
tests\navigation\test_services.py ...........                            [ 22%]
tests\notifications\test_permissions.py ........                         [ 22%]
tests\notifications\channels\test_email.py ...........                   [ 22%]
tests\notifications\channels\test_in_app.py ........                     [ 23%]
tests\notifications\channels\test_webhook.py ........                    [ 23%]
tests\notifications\integration\test_email_delivery.py .......           [ 23%]
tests\notifications\integration\test_health_checks.py ..........         [ 23%]
tests\notifications\integration\test_webhook_delivery.py ........        [ 24%]
tests\notifications\models\test_delivery_attempt.py ..................   [ 24%]
tests\notifications\models\test_notification.py ........................ [ 25%]
..                                                                       [ 25%]
tests\notifications\models\test_notification_type.py ..............      [ 25%]
tests\notifications\models\test_retry_policy.py ............             [ 26%]
tests\notifications\serializers\test_notification_serializers.py ....... [ 26%]
.                                                                        [ 26%]
tests\notifications\services\test_audit_service.py .........             [ 26%]
tests\notifications\services\test_retry_service.py ..............        [ 26%]
tests\notifications\tasks\test_cleanup_tasks.py ..........               [ 27%]
tests\notifications\views\test_in_app_views.py ........ss.               [ 27%]
tests\notifications\views\test_notification_views.py .................ss [ 28%]
                                                                         [ 28%]
tests\observability\test_cache_metrics.py .....................          [ 28%]
tests\observability\test_health_views.py s                               [ 28%]
tests\observability\test_metrics.py sssss                                [ 28%]
tests\organisations\test_assign_member.py .                              [ 28%]
tests\organisations\test_membership_removal.py .                         [ 28%]
tests\permissions\test_admin.py ................                         [ 29%]
tests\permissions\test_api.py .......................................... [ 30%]
...................                                                      [ 31%]
tests\permissions\test_audit.py ..............s.......                   [ 31%]
tests\permissions\test_evaluator.py .........................            [ 32%]
tests\permissions\test_models.py ..............................          [ 33%]
tests\permissions\test_seed_command.py ...................               [ 33%]
tests\projects\test_access_control_flow.py .                             [ 33%]
tests\projects\test_analytics_api.py ..                                  [ 33%]
tests\projects\test_integration.py sssssssssssss                         [ 34%]
tests\projects\test_invitation_api.py ............                       [ 34%]
tests\projects\test_managers.py ...............                          [ 34%]
tests\projects\test_membership_api.py ...........                        [ 35%]
tests\projects\test_membership_service.py ................               [ 35%]
tests\projects\test_model_validation.py .s...                            [ 35%]
tests\projects\test_models.py .......................                    [ 36%]
tests\projects\test_permission_resolution.py ......                      [ 36%]
tests\projects\test_permissions.py ..................                    [ 37%]
tests\projects\test_private_projects.py ....                             [ 37%]
tests\projects\test_promotion_api.py .......                             [ 37%]
tests\projects\test_serializers.py ....................                  [ 38%]
tests\projects\test_views.py ..............................              [ 38%]
tests\search\test_api.py .....                                           [ 39%]
tests\search\test_signals.py ..                                          [ 39%]
tests\security\test_b11_bypass.py .......ss                              [ 39%]
tests\security\test_b16_bypass.py .........                              [ 39%]
tests\security\test_b17_bypass.py .s......s                              [ 39%]
tests\security\test_settings_bypass.py .......s.......                   [ 40%]
tests\security\test_view_access.py ..                                    [ 40%]
tests\security_baseline\test_init.py .                                   [ 40%]
tests\security_baseline\integration\test_constitutional_engine_integration.py . [ 40%]
..                                                                       [ 40%]
tests\security_baseline\integration\test_startup_advisory.py .           [ 40%]
tests\security_baseline\integration\test_startup_strict.py ..            [ 40%]
tests\settings\test_admin.py ............................                [ 41%]
tests\settings\test_api.py ......................                        [ 41%]
tests\settings\test_audit_integration.py .......                         [ 42%]
tests\settings\test_basic.py ......                                      [ 42%]
tests\settings\test_cache.py ..................                          [ 42%]
tests\settings\test_models.py ...............                            [ 43%]
tests\settings\test_models_basic.py .......                              [ 43%]
tests\settings\test_permissions.py .....................                 [ 44%]
tests\settings\test_permissions_focused.py sssssssssssssssssssssss       [ 44%]
tests\settings\test_rest_api.py ........................                 [ 45%]
tests\settings\test_serializers.py ..........................            [ 46%]
tests\settings\test_serializers_focused.py ............................. [ 46%]
...                                                                      [ 47%]
tests\settings\test_simple.py ..                                         [ 47%]
tests\settings\test_user_scope.py .....s...........                      [ 47%]
tests\settings\test_user_stories.py .................                    [ 48%]
tests\settings\test_views.py ............................                [ 48%]
tests\sport_configuration\test_api_outfits.py .......................... [ 49%]
..                                                                       [ 49%]
tests\sport_configuration\test_api_sports.py ........................... [ 50%]
......                                                                   [ 50%]
tests\sport_configuration\test_api_validation.py .....................   [ 51%]
tests\sport_configuration\test_integration.py ..................         [ 51%]
tests\sport_configuration\test_models.py ............................... [ 52%]
.........                                                                [ 52%]
tests\sport_configuration\test_outfit_service.py ......................  [ 53%]
tests\sport_configuration\test_validation_service.py ................... [ 53%]
........                                                                 [ 54%]
tests\tasks\test_api_security.py ..                                      [ 54%]
tests\tasks\test_audited_task.py ..........                              [ 54%]
tests\tasks\test_examples.py ......                                      [ 54%]
tests\tasks\test_health.py .........                                     [ 54%]
tests\tasks\test_periodic.py ..                                          [ 55%]
tests\trash\test_api.py F..F..F                                          [ 55%]
tests\trash\test_models.py ....F....                                     [ 55%]
tests\video\test_api.py ..........                                       [ 55%]
tests\video\test_approval_permissions.py ............                    [ 56%]
tests\video\test_models.py .............................                 [ 56%]
tests\video\test_processors.py .....                                     [ 57%]
tests\video\test_processors_compose.py ....                              [ 57%]
tests\video\test_processors_thumbnail.py .....                           [ 57%]
tests\video\test_serializers.py .......                                  [ 57%]
tests\video\test_services.py .........                                   [ 57%]
tests\video\test_tasks.py .......                                        [ 57%]
tests\web_ui\test_context_processors.py .....                            [ 58%]
tests\web_ui\test_integration.py ..ss                                    [ 58%]
tests\web_ui\test_performance.py ..ss                                    [ 58%]
tests\web_ui\test_templates.py ..s                                       [ 58%]
tests\web_ui\test_views.py ...s.s.s                                      [ 58%]
tests\workflows\test_auth_comparison.py ..                               [ 58%]
tests\workflows\test_debug_routes.py .                                   [ 58%]
tests\workflows\test_fixtures_debug.py .                                 [ 58%]
tests\workflows\test_routing_diagnostic.py ..                            [ 58%]
tests\workflows\integration\test_audit_integration.py .....              [ 58%]
tests\workflows\integration\test_celery_integration.py .......           [ 59%]
tests\workflows\integration\test_custom_hooks.py ................        [ 59%]
tests\workflows\integration\test_custom_validators.py ................   [ 60%]
tests\workflows\integration\test_history_api.py ...................      [ 60%]
tests\workflows\integration\test_instance_api.py .............           [ 60%]
tests\workflows\integration\test_notification_integration.py ......      [ 61%]
tests\workflows\integration\test_permissions_api.py ..................   [ 61%]
tests\workflows\integration\test_template_api.py ..............          [ 62%]
tests\workflows\integration\test_transitions_api.py ...........          [ 62%]
tests\workflows\unit\test_engine.py ..................                   [ 62%]
tests\workflows\unit\test_serializers.py ............................... [ 63%]
...................                                                      [ 64%]
tests\accounts\test_validators.py ...........                            [ 64%]
tests\api\test_cache_headers.py .......                                  [ 64%]
tests\api\test_optimistic_create.py ...........                          [ 65%]
tests\api\test_pagination_guardrails.py ...................              [ 65%]
tests\common\test_soft_delete.py ......                                  [ 65%]
tests\constitution_engine\test_cli.py ..........sss..                    [ 66%]
tests\constitution_engine\test_reporter_discovery.py .                   [ 66%]
tests\constitution_engine\adapters\test_django_adapter.py .............. [ 66%]
.s..                                                                     [ 66%]
tests\constitution_engine\adapters\git\test_adapter.py ................. [ 67%]
.....                                                                    [ 67%]
tests\constitution_engine\core\test_config.py .........................  [ 68%]
tests\constitution_engine\core\test_context.py ......................... [ 68%]
........s                                                                [ 69%]
tests\constitution_engine\core\test_engine_integration.py ....           [ 69%]
tests\constitution_engine\core\test_errors.py .......................... [ 69%]
..                                                                       [ 69%]
tests\constitution_engine\core\test_plugins.py .................         [ 70%]
tests\constitution_engine\core\test_rules.py ............                [ 70%]
tests\constitution_engine\core\test_validators.py ........               [ 71%]
tests\constitution_engine\reporters\test_console.py .................... [ 71%]
....                                                                     [ 71%]
tests\constitution_engine\reporters\test_json_reporter.py .............. [ 72%]
........................                                                 [ 72%]
tests\core\cache\test_circuit_breaker.py .........                       [ 73%]
tests\core\cache\test_decorators.py ............                         [ 73%]
tests\core\cache\test_services.py ................                       [ 73%]
tests\examples\test_background_tasks_smoke.py .................          [ 74%]
tests\examples\test_crud_api_smoke.py sss...                             [ 74%]
tests\examples\test_scaffolding_demo_smoke.py .......................... [ 75%]
......................                                                   [ 75%]
tests\generative\test_api.py ..                                          [ 75%]
tests\generative\test_executors.py ...........ssss...ssss.........       [ 76%]
tests\medialib\test_thumbnails.py ...                                    [ 76%]
tests\notifications\test_metrics.py ..........                           [ 77%]
tests\notifications\channels\test_webhook.py ........                    [ 77%]
tests\notifications\services\test_template_service.py .....              [ 77%]
tests\notifications\services\test_webhook_signature_service.py ......... [ 77%]
......                                                                   [ 77%]
tests\observability\test_health_checks.py sssssssssssssssss              [ 78%]
tests\observability\test_health_views.py sssssssss                       [ 78%]
tests\observability\test_logging.py .........................            [ 79%]
tests\observability\test_metrics.py ssssssssssssssssssssssss             [ 80%]
tests\observability\test_middleware.py ......                            [ 80%]
tests\observability\test_utils.py ssssss                                 [ 80%]
tests\permissions\test_registry.py ..................                    [ 80%]
tests\scaffolding\test_ci.py ....s.....sss                               [ 81%]
tests\scaffolding\test_cli.py .....................                      [ 81%]
tests\scaffolding\test_generation.py .....................               [ 82%]
tests\scaffolding\test_golden_files.py .........sssss                    [ 82%]
tests\scaffolding\test_registry.py ..................                    [ 83%]
tests\scaffolding\test_rendering.py .......................              [ 84%]
tests\scaffolding\test_template_validation.py sss..sssssss               [ 84%]
tests\scaffolding\test_ux.py s.................................          [ 85%]
tests\scaffolding\test_validation.py .................                   [ 85%]
tests\search\test_api.py ....                                            [ 85%]
tests\search\test_backend.py .....                                       [ 86%]
tests\search\test_indexing.py ....                                       [ 86%]
tests\search\test_registry.py .....                                      [ 86%]
tests\security_baseline\test_init.py ..                                  [ 86%]
tests\security_baseline\ci\test_audit_config.py ........................ [ 87%]
.........                                                                [ 87%]
tests\security_baseline\ci\test_scan_code.py .........................   [ 88%]
tests\security_baseline\ci\test_scan_dependencies.py ................... [ 88%]
.                                                                        [ 88%]
tests\security_baseline\config\test_exemptions.py .............          [ 88%]
tests\security_baseline\integration\test_enforcement_modes.py .......... [ 89%]
...........                                                              [ 89%]
tests\security_baseline\integration\test_manifest_loading.py .........   [ 89%]
tests\security_baseline\loader_mapper_tests\test_asvs_mapper.py ........ [ 90%]
...........                                                              [ 90%]
tests\security_baseline\loader_mapper_tests\test_manifest_loader.py .... [ 90%]
...........                                                              [ 90%]
tests\security_baseline\reports\test_asvs_coverage.py ...........        [ 91%]
tests\security_baseline\reports\test_integration.py .....                [ 91%]
tests\security_baseline\reports\test_logging.py ................         [ 91%]
tests\security_baseline\reports\test_security_report.py ...........      [ 91%]
tests\security_baseline\rules\test_base.py .....                         [ 92%]
tests\security_baseline\rules\test_csrf_protection.py ..............     [ 92%]
tests\security_baseline\rules\test_database_ssl.py .............         [ 92%]
tests\security_baseline\rules\test_django_settings.py .................  [ 93%]
tests\security_baseline\rules\test_password_validation.py .............. [ 93%]
.                                                                        [ 93%]
tests\security_baseline\rules\test_registry.py .......                   [ 93%]
tests\security_baseline\rules\test_security_headers.py ................. [ 94%]
.............                                                            [ 94%]
tests\security_baseline\rules\test_session_security.py ..............    [ 95%]
tests\security_baseline\validators\test_breach_detector.py .........ssss [ 95%]
...                                                                      [ 95%]
tests\tasks\test_examples.py ....s.sss..s                                [ 96%]
tests\tasks\test_execution.py ssss                                       [ 96%]
tests\tasks\test_periodic.py .......                                     [ 96%]
tests\video\test_asset_metadata.py ..................................... [ 97%]
....................                                                     [ 97%]
tests\video\test_e2e_asset_per_role.py ...........                       [ 98%]
tests\video\test_migrate_asset_metadata.py ............................. [ 99%]
............                                                             [ 99%]
tests\workflows\unit\test_registry.py ...................                [ 99%]
tests\workflows\unit\test_serializers.py .                               [100%]

================================== FAILURES ===================================
C:\Users\brian\Documents\django-core\tests\generative\test_integrations.py:204: AssertionError: assert 'generation.status_changed' == 'generation_status'
C:\Users\brian\Documents\django-core\tests\trash\test_api.py:24: assert 0 == 1
C:\Users\brian\Documents\django-core\tests\trash\test_api.py:59: assert 404 == 200
C:\Users\brian\Documents\django-core\tests\trash\test_api.py:115: assert 0 == 1
C:\Users\brian\Documents\django-core\tests\trash\test_models.py:60: AssertionError: assert 'role' in {}
============================== warnings summary ===============================
src\transactions\models.py:163
  C:\Users\brian\Documents\django-core\src\transactions\models.py:163: RemovedInDjango60Warning: CheckConstraint.check is deprecated in favor of `.condition`.
    models.CheckConstraint(check=~models.Q(amount=Decimal("0")), name="txn_amount_nonzero"),

src\transactions\models.py:164
  C:\Users\brian\Documents\django-core\src\transactions\models.py:164: RemovedInDjango60Warning: CheckConstraint.check is deprecated in favor of `.condition`.
    models.CheckConstraint(

src\contextual_notifications\models\org_notification_policy.py:74
  C:\Users\brian\Documents\django-core\src\contextual_notifications\models\org_notification_policy.py:74: RemovedInDjango60Warning: CheckConstraint.check is deprecated in favor of `.condition`.
    CheckConstraint(

src\contextual_notifications\models\routing_rule.py:127
  C:\Users\brian\Documents\django-core\src\contextual_notifications\models\routing_rule.py:127: RemovedInDjango60Warning: CheckConstraint.check is deprecated in favor of `.condition`.
    CheckConstraint(

src\activities\models.py:112
  C:\Users\brian\Documents\django-core\src\activities\models.py:112: RemovedInDjango60Warning: CheckConstraint.check is deprecated in favor of `.condition`.
    models.CheckConstraint(

src\activities\models.py:227
  C:\Users\brian\Documents\django-core\src\activities\models.py:227: RemovedInDjango60Warning: CheckConstraint.check is deprecated in favor of `.condition`.
    models.CheckConstraint(

src\activities\models.py:371
  C:\Users\brian\Documents\django-core\src\activities\models.py:371: RemovedInDjango60Warning: CheckConstraint.check is deprecated in favor of `.condition`.
    models.CheckConstraint(

src\branding\models.py:71
  C:\Users\brian\Documents\django-core\src\branding\models.py:71: RemovedInDjango60Warning: CheckConstraint.check is deprecated in favor of `.condition`.
    models.CheckConstraint(

..\..\AppData\Local\Programs\Python\Python312\Lib\site-packages\_pytest\config\__init__.py:1373
  C:\Users\brian\AppData\Local\Programs\Python\Python312\Lib\site-packages\_pytest\config\__init__.py:1373: PytestConfigWarning: Unknown config option: asyncio_mode
  
    self._warn_or_fail_if_strict(f"Unknown config option: {key}\n")

tests/test_legacy_cleanup.py::test_legacy_audit_route_removed
  C:\Users\brian\Documents\django-core\src\settings\migrations\0003_add_check_constraints.py:15: RemovedInDjango60Warning: CheckConstraint.check is deprecated in favor of `.condition`.
    constraint=models.CheckConstraint(

tests/test_legacy_cleanup.py::test_legacy_audit_route_removed
  C:\Users\brian\Documents\django-core\src\settings\migrations\0003_add_check_constraints.py:39: RemovedInDjango60Warning: CheckConstraint.check is deprecated in favor of `.condition`.
    constraint=models.CheckConstraint(

tests/test_legacy_cleanup.py::test_legacy_audit_route_removed
  C:\Users\brian\Documents\django-core\src\contextual_notifications\migrations\0001_initial.py:243: RemovedInDjango60Warning: CheckConstraint.check is deprecated in favor of `.condition`.
    constraint=models.CheckConstraint(

tests/test_legacy_cleanup.py::test_legacy_audit_route_removed
  C:\Users\brian\Documents\django-core\src\contextual_notifications\migrations\0001_initial.py:288: RemovedInDjango60Warning: CheckConstraint.check is deprecated in favor of `.condition`.
    constraint=models.CheckConstraint(

tests/test_legacy_cleanup.py: 16 warnings
tests/workflows/test_debug_routes.py: 1 warning
  C:\Users\brian\AppData\Local\Programs\Python\Python312\Lib\site-packages\rest_framework\urlpatterns.py:108: RemovedInDjango60Warning: Converter 'drf_format_suffix' is already registered. Support for overriding registered converters is deprecated and will be removed in Django 6.0.
    register_converter(suffix_converter, converter_name)

tests/accounts/test_player_privacy.py::TestPlayerPrivacy::test_player_can_view_self_in_list
  C:\Users\brian\AppData\Local\Programs\Python\Python312\Lib\site-packages\rest_framework\pagination.py:200: UnorderedObjectListWarning: Pagination may yield inconsistent results with an unordered object_list: <class 'accounts.models.User'> QuerySet.
    paginator = self.django_paginator_class(queryset, page_size)

tests/audit/test_admin.py: 151 warnings
  C:\Users\brian\Documents\django-core\src\audit\admin.py:186: RemovedInDjango60Warning: Calling format_html() without passing args or kwargs is deprecated.
    return format_html("<em>Anonymous</em>")

tests/content_generation/test_api.py: 13 warnings
tests/content_generation/test_models.py: 23 warnings
tests/video/test_api.py: 46 warnings
tests/video/test_approval_permissions.py: 36 warnings
tests/video/test_models.py: 122 warnings
tests/video/test_processors.py: 5 warnings
tests/video/test_processors_compose.py: 5 warnings
tests/video/test_processors_thumbnail.py: 6 warnings
tests/video/test_serializers.py: 23 warnings
tests/video/test_services.py: 14 warnings
tests/video/test_tasks.py: 9 warnings
  C:\Users\brian\AppData\Local\Programs\Python\Python312\Lib\site-packages\factory\django.py:181: DeprecationWarning: UserFactory._after_postgeneration will stop saving the instance after postgeneration hooks in the next major release.
  If the save call is extraneous, set skip_postgeneration_save=True in the UserFactory.Meta.
  To keep saving the instance, move the save call to your postgeneration hooks or override _after_postgeneration.
    warnings.warn(

tests/contextual_notifications/integration/test_full_flow.py: 4 warnings
tests/contextual_notifications/integration/test_preference_override.py: 6 warnings
tests/contextual_notifications/integration/test_quiet_hours.py: 4 warnings
tests/contextual_notifications/integration/test_suppression.py: 9 warnings
tests/contextual_notifications/services/test_suppression_service.py: 15 warnings
  C:\Users\brian\Documents\django-core\src\contextual_notifications\services\suppression_service.py:85: DeprecationWarning: datetime.datetime.utcnow() is deprecated and scheduled for removal in a future version. Use timezone-aware objects to represent datetimes in UTC: datetime.datetime.now(datetime.UTC).
    timestamp = datetime.utcnow().isoformat()

tests/contextual_notifications/integration/test_full_flow.py: 4 warnings
tests/contextual_notifications/integration/test_preference_override.py: 4 warnings
tests/contextual_notifications/integration/test_quiet_hours.py: 5 warnings
tests/contextual_notifications/integration/test_suppression.py: 8 warnings
  C:\Users\brian\Documents\django-core\src\contextual_notifications\services\audit_service.py:100: DeprecationWarning: datetime.datetime.utcnow() is deprecated and scheduled for removal in a future version. Use timezone-aware objects to represent datetimes in UTC: datetime.datetime.now(datetime.UTC).
    "timestamp": datetime.utcnow().isoformat(),

tests/permissions/test_audit.py::TestDjangoLoggingBackend::test_django_backend_emits_json_log
  C:\Users\brian\Documents\django-core\src\permissions\audit.py:190: DeprecationWarning: datetime.datetime.utcnow() is deprecated and scheduled for removal in a future version. Use timezone-aware objects to represent datetimes in UTC: datetime.datetime.now(datetime.UTC).
    "timestamp": datetime.utcnow().isoformat(),

tests/permissions/test_evaluator.py::TestEdgeCases::test_permission_with_spaces
  C:\Users\brian\AppData\Local\Programs\Python\Python312\Lib\site-packages\django\core\cache\backends\base.py:118: CacheKeyWarning: Cache key contains characters that will cause errors if used with memcached: ':1:perms:1:projects. view:generic:none'
    warnings.warn(warning, CacheKeyWarning)

tests/security_baseline/integration/test_constitutional_engine_integration.py::TestConstitutionalEngineIntegration::test_strict_mode_blocks_on_critical
tests/security_baseline/integration/test_constitutional_engine_integration.py::TestConstitutionalEngineIntegration::test_reporter_integration
tests/security_baseline/reports/test_integration.py::TestSecurityReportIntegration::test_complete_report_generation_workflow
tests/security_baseline/reports/test_integration.py::TestSecurityReportIntegration::test_report_validation_against_schema
tests/security_baseline/reports/test_integration.py::TestSecurityReportIntegration::test_report_output_writing
  C:\Users\brian\Documents\django-core\src\security_baseline\reporters\security_reporter.py:139: DeprecationWarning: datetime.datetime.utcnow() is deprecated and scheduled for removal in a future version. Use timezone-aware objects to represent datetimes in UTC: datetime.datetime.now(datetime.UTC).
    timestamp=datetime.utcnow(),

tests/settings/test_admin.py::TestFeatureFlagAdmin::test_enabled_badge_false
  C:\\Users\\brian\\Documents\\django-core\\src\\settings\\admin.py:54: RemovedInDjango60Warning: Calling format_html() without passing args or kwargs is deprecated.\n    return format_html('<span style="color: red; font-weight: bold;">\u2717 Disabled</span>')

tests/settings/test_admin.py::TestFeatureFlagAdmin::test_enabled_badge_true
  C:\\Users\\brian\\Documents\\django-core\\src\\settings\\admin.py:53: RemovedInDjango60Warning: Calling format_html() without passing args or kwargs is deprecated.\n    return format_html('<span style="color: green; font-weight: bold;">\u2713 Enabled</span>')

tests/tasks/test_api_security.py::TestTasksApiSecurity::test_tasks_list_accessible_authenticated
  C:\Users\brian\Documents\django-core\src\tasks\inspector.py:296: DeprecationWarning: datetime.datetime.utcnow() is deprecated and scheduled for removal in a future version. Use timezone-aware objects to represent datetimes in UTC: datetime.datetime.now(datetime.UTC).
    "timestamp": datetime.utcnow().isoformat() + "Z",

tests/generative/test_executors.py::TestOpenAIExecutor::test_execute_success
tests/generative/test_executors.py::TestOpenAIExecutor::test_execute_rate_limit_error
tests/generative/test_executors.py::TestOpenAIExecutor::test_execute_auth_error
tests/generative/test_executors.py::TestOpenAIExecutor::test_execute_bad_request_error
tests/generative/test_executors.py::TestLangGraphExecutor::test_execute_success
tests/generative/test_executors.py::TestLangGraphExecutor::test_execute_missing_graph_id
tests/generative/test_executors.py::TestLangGraphExecutor::test_execute_run_failure
tests/generative/test_executors.py::TestLangGraphExecutor::test_execute_connection_error
  C:\Users\brian\AppData\Local\Programs\Python\Python312\Lib\site-packages\_pytest\python.py:183: PytestUnhandledCoroutineWarning: async def functions are not natively supported and have been skipped.
  You need to install a suitable plugin for your async framework, for example:
    - anyio
    - pytest-asyncio
    - pytest-tornasync
    - pytest-trio
    - pytest-twisted
    warnings.warn(PytestUnhandledCoroutineWarning(msg.format(nodeid)))

tests/security_baseline/ci/test_audit_config.py::TestReportGeneration::test_generate_security_report_with_violations
tests/security_baseline/ci/test_audit_config.py::TestReportGeneration::test_generate_security_report_no_violations
  C:\Users\brian\Documents\django-core\.security\scripts\audit_config.py:481: DeprecationWarning: datetime.datetime.utcnow() is deprecated and scheduled for removal in a future version. Use timezone-aware objects to represent datetimes in UTC: datetime.datetime.now(datetime.UTC).
    "scan_timestamp": datetime.utcnow().isoformat(),

tests/security_baseline/ci/test_scan_code.py::TestReportGeneration::test_generate_security_report_with_issues
tests/security_baseline/ci/test_scan_code.py::TestReportGeneration::test_generate_security_report_no_issues
  C:\Users\brian\Documents\django-core\.security\scripts\scan_code.py:264: DeprecationWarning: datetime.datetime.utcnow() is deprecated and scheduled for removal in a future version. Use timezone-aware objects to represent datetimes in UTC: datetime.datetime.now(datetime.UTC).
    "scan_timestamp": datetime.utcnow().isoformat(),

tests/security_baseline/ci/test_scan_dependencies.py::TestSecurityReportGeneration::test_generate_security_report_with_violations
tests/security_baseline/ci/test_scan_dependencies.py::TestSecurityReportGeneration::test_generate_security_report_no_violations
tests/security_baseline/ci/test_scan_dependencies.py::TestEndToEnd::test_main_with_blocking_vulnerabilities
tests/security_baseline/ci/test_scan_dependencies.py::TestEndToEnd::test_main_with_warnings_only
  C:\Users\brian\Documents\django-core\.security\scripts\scan_dependencies.py:208: DeprecationWarning: datetime.datetime.utcnow() is deprecated and scheduled for removal in a future version. Use timezone-aware objects to represent datetimes in UTC: datetime.datetime.now(datetime.UTC).
    timestamp = datetime.utcnow().isoformat() + "Z"

tests/security_baseline/reports/test_asvs_coverage.py::TestASVSCoverageCalculator::test_calculate_coverage_basic
tests/security_baseline/reports/test_asvs_coverage.py::TestASVSCoverageCalculator::test_group_violations_by_category
  C:\Users\brian\Documents\django-core\tests\security_baseline\reports\test_asvs_coverage.py:73: DeprecationWarning: datetime.datetime.utcnow() is deprecated and scheduled for removal in a future version. Use timezone-aware objects to represent datetimes in UTC: datetime.datetime.now(datetime.UTC).
    timestamp=datetime.utcnow(),

tests/security_baseline/reports/test_asvs_coverage.py::TestASVSCoverageCalculator::test_calculate_coverage_basic
tests/security_baseline/reports/test_asvs_coverage.py::TestASVSCoverageCalculator::test_group_violations_by_category
  C:\Users\brian\Documents\django-core\tests\security_baseline\reports\test_asvs_coverage.py:89: DeprecationWarning: datetime.datetime.utcnow() is deprecated and scheduled for removal in a future version. Use timezone-aware objects to represent datetimes in UTC: datetime.datetime.now(datetime.UTC).
    timestamp=datetime.utcnow(),

tests/security_baseline/reports/test_asvs_coverage.py::TestASVSCoverageCalculator::test_coverage_with_all_violations
tests/security_baseline/reports/test_asvs_coverage.py::TestASVSCoverageCalculator::test_coverage_with_all_violations
tests/security_baseline/reports/test_asvs_coverage.py::TestASVSCoverageCalculator::test_coverage_with_all_violations
tests/security_baseline/reports/test_asvs_coverage.py::TestASVSCoverageCalculator::test_coverage_with_all_violations
  C:\Users\brian\Documents\django-core\tests\security_baseline\reports\test_asvs_coverage.py:228: DeprecationWarning: datetime.datetime.utcnow() is deprecated and scheduled for removal in a future version. Use timezone-aware objects to represent datetimes in UTC: datetime.datetime.now(datetime.UTC).
    timestamp=datetime.utcnow(),

tests/security_baseline/reports/test_asvs_coverage.py::TestASVSCoverageCalculator::test_coverage_percentage_rounding
  C:\Users\brian\Documents\django-core\tests\security_baseline\reports\test_asvs_coverage.py:266: DeprecationWarning: datetime.datetime.utcnow() is deprecated and scheduled for removal in a future version. Use timezone-aware objects to represent datetimes in UTC: datetime.datetime.now(datetime.UTC).
    timestamp=datetime.utcnow(),

tests/security_baseline/reports/test_integration.py::TestSecurityReportIntegration::test_complete_report_generation_workflow
tests/security_baseline/reports/test_integration.py::TestSecurityReportIntegration::test_report_validation_against_schema
tests/security_baseline/reports/test_integration.py::TestSecurityReportIntegration::test_report_output_writing
  C:\Users\brian\Documents\django-core\tests\security_baseline\reports\test_integration.py:47: DeprecationWarning: datetime.datetime.utcnow() is deprecated and scheduled for removal in a future version. Use timezone-aware objects to represent datetimes in UTC: datetime.datetime.now(datetime.UTC).
    timestamp=datetime.utcnow(),

tests/security_baseline/reports/test_integration.py::TestSecurityReportIntegration::test_report_serialization_with_sanitization
  C:\Users\brian\Documents\django-core\tests\security_baseline\reports\test_integration.py:204: DeprecationWarning: datetime.datetime.utcnow() is deprecated and scheduled for removal in a future version. Use timezone-aware objects to represent datetimes in UTC: datetime.datetime.now(datetime.UTC).
    timestamp=datetime.utcnow(),

tests/security_baseline/reports/test_integration.py::TestSecurityReportIntegration::test_asvs_coverage_calculation_integration
  C:\Users\brian\Documents\django-core\tests\security_baseline\reports\test_integration.py:297: DeprecationWarning: datetime.datetime.utcnow() is deprecated and scheduled for removal in a future version. Use timezone-aware objects to represent datetimes in UTC: datetime.datetime.now(datetime.UTC).
    timestamp=datetime.utcnow(),

tests/security_baseline/reports/test_security_report.py::TestSecurityReport::test_auto_correlation_id_generation
  C:\Users\brian\Documents\django-core\tests\security_baseline\reports\test_security_report.py:79: DeprecationWarning: datetime.datetime.utcnow() is deprecated and scheduled for removal in a future version. Use timezone-aware objects to represent datetimes in UTC: datetime.datetime.now(datetime.UTC).
    timestamp=datetime.utcnow(),

tests/security_baseline/reports/test_security_report.py::TestSecurityReport::test_overall_status_calculation_pass
  C:\Users\brian\Documents\django-core\tests\security_baseline\reports\test_security_report.py:96: DeprecationWarning: datetime.datetime.utcnow() is deprecated and scheduled for removal in a future version. Use timezone-aware objects to represent datetimes in UTC: datetime.datetime.now(datetime.UTC).
    timestamp=datetime.utcnow(),

tests/security_baseline/reports/test_security_report.py::TestSecurityReport::test_overall_status_calculation_fail_strict
  C:\Users\brian\Documents\django-core\tests\security_baseline\reports\test_security_report.py:112: DeprecationWarning: datetime.datetime.utcnow() is deprecated and scheduled for removal in a future version. Use timezone-aware objects to represent datetimes in UTC: datetime.datetime.now(datetime.UTC).
    timestamp=datetime.utcnow(),

tests/security_baseline/reports/test_security_report.py::TestSecurityReport::test_overall_status_calculation_warn_advisory
  C:\Users\brian\Documents\django-core\tests\security_baseline\reports\test_security_report.py:128: DeprecationWarning: datetime.datetime.utcnow() is deprecated and scheduled for removal in a future version. Use timezone-aware objects to represent datetimes in UTC: datetime.datetime.now(datetime.UTC).
    timestamp=datetime.utcnow(),

tests/security_baseline/reports/test_security_report.py::TestSecurityReport::test_sensitive_value_sanitization
  C:\Users\brian\Documents\django-core\tests\security_baseline\reports\test_security_report.py:174: DeprecationWarning: datetime.datetime.utcnow() is deprecated and scheduled for removal in a future version. Use timezone-aware objects to represent datetimes in UTC: datetime.datetime.now(datetime.UTC).
    timestamp=datetime.utcnow(),

tests/security_baseline/reports/test_security_report.py::TestSecurityReport::test_sensitive_value_sanitization
  C:\Users\brian\Documents\django-core\tests\security_baseline\reports\test_security_report.py:181: DeprecationWarning: datetime.datetime.utcnow() is deprecated and scheduled for removal in a future version. Use timezone-aware objects to represent datetimes in UTC: datetime.datetime.now(datetime.UTC).
    timestamp=datetime.utcnow(),

tests/security_baseline/reports/test_security_report.py::TestSecurityReport::test_password_sanitization
  C:\Users\brian\Documents\django-core\tests\security_baseline\reports\test_security_report.py:255: DeprecationWarning: datetime.datetime.utcnow() is deprecated and scheduled for removal in a future version. Use timezone-aware objects to represent datetimes in UTC: datetime.datetime.now(datetime.UTC).
    timestamp=datetime.utcnow(),

tests/security_baseline/reports/test_security_report.py::TestSecurityReport::test_password_sanitization
  C:\Users\brian\Documents\django-core\tests\security_baseline\reports\test_security_report.py:262: DeprecationWarning: datetime.datetime.utcnow() is deprecated and scheduled for removal in a future version. Use timezone-aware objects to represent datetimes in UTC: datetime.datetime.now(datetime.UTC).
    timestamp=datetime.utcnow(),

tests/security_baseline/reports/test_security_report.py::TestSecurityReport::test_token_sanitization
  C:\Users\brian\Documents\django-core\tests\security_baseline\reports\test_security_report.py:289: DeprecationWarning: datetime.datetime.utcnow() is deprecated and scheduled for removal in a future version. Use timezone-aware objects to represent datetimes in UTC: datetime.datetime.now(datetime.UTC).
    timestamp=datetime.utcnow(),

tests/security_baseline/reports/test_security_report.py::TestSecurityReport::test_token_sanitization
  C:\Users\brian\Documents\django-core\tests\security_baseline\reports\test_security_report.py:296: DeprecationWarning: datetime.datetime.utcnow() is deprecated and scheduled for removal in a future version. Use timezone-aware objects to represent datetimes in UTC: datetime.datetime.now(datetime.UTC).
    timestamp=datetime.utcnow(),

-- Docs: https://docs.pytest.org/en/stable/how-to/capture-warnings.html
=========================== short test summary info ===========================
FAILED tests/generative/test_integrations.py::TestWebSocketIntegration::test_send_status_update
FAILED tests/trash/test_api.py::TestTrashListAPI::test_list_trash_authenticated
FAILED tests/trash/test_api.py::TestTrashRestoreAPI::test_restore_item - asse...
FAILED tests/trash/test_api.py::TestTrashStatsAPI::test_stats_returns_counts
FAILED tests/trash/test_models.py::TestTrashItemModel::test_trash_item_stores_original_data
=== 5 failed, 3353 passed, 177 skipped, 593 warnings in 1247.32s (0:20:47) ====
