============================= test session starts =============================
platform win32 -- Python 3.12.4, pytest-7.4.3, pluggy-1.6.0
django: version: 5.1.4, settings: config.settings.test (from ini)
rootdir: C:\Users\brian\Documents\django-core
configfile: pyproject.toml
plugins: anyio-4.12.1, Faker-40.4.0, cov-7.0.0, django-4.7.0, factoryboy-2.8.1, mock-3.15.1
collected 3322 items / 3 skipped

tests\test_legacy_cleanup.py ..                                          [  0%]
tests\test_security_rbac.py ......                                       [  0%]
tests\accounts\test_active_context_endpoint.py ..FFFFF                   [  0%]
tests\accounts\test_admin_api.py ....................................... [  1%]
                                                                         [  1%]
tests\accounts\test_auth_api.py .........................                [  2%]
tests\accounts\test_create_user_api.py ...                               [  2%]
tests\accounts\test_default_context_endpoint.py ..F                      [  2%]
tests\accounts\test_delete_user.py ..                                    [  2%]
tests\accounts\test_demo_commands.py ..s..s...s..s.s.                    [  3%]
tests\accounts\test_integration.py .............                         [  3%]
tests\accounts\test_models.py ...............                            [  3%]
tests\accounts\test_permissions.py ............                          [  4%]
tests\accounts\test_player_privacy.py ........                           [  4%]
tests\accounts\test_user_detail.py .                                     [  4%]
tests\accounts\test_user_detail_complex.py .                             [  4%]
tests\audit\test_admin.py .................                              [  5%]
tests\audit\test_api.py ...................                              [  5%]
tests\audit\test_b08_integration.py .......                              [  5%]
tests\audit\test_commands.py .............                               [  6%]
tests\audit\test_views_filtering.py ...                                  [  6%]
tests\branding\test_integration.py FFFFFFFFF                             [  6%]
tests\branding\test_models.py .....................F..                   [  7%]
tests\branding\test_permissions.py .........................             [  8%]
tests\branding\test_serializers.py .....................                 [  8%]
tests\branding\test_views.py ...........................                 [  9%]
tests\common\test_soft_delete.py .......                                 [  9%]
tests\common\test_translation_logging.py .............                   [ 10%]
tests\config\test_i18n_settings.py .......................               [ 10%]
tests\contextual_notifications\integration\test_full_flow.py .....       [ 11%]
tests\contextual_notifications\integration\test_preference_override.py . [ 11%]
...                                                                      [ 11%]
tests\contextual_notifications\integration\test_quiet_hours.py .....     [ 11%]
tests\contextual_notifications\integration\test_suppression.py ......    [ 11%]
tests\contextual_notifications\models\test_notification_preference.py .. [ 11%]
......                                                                   [ 11%]
tests\contextual_notifications\models\test_org_notification_policy.py .. [ 11%]
.......                                                                  [ 11%]
tests\contextual_notifications\models\test_routing_rule.py ............. [ 12%]
..                                                                       [ 12%]
tests\contextual_notifications\services\test_event_service.py .......... [ 12%]
.....                                                                    [ 12%]
tests\contextual_notifications\services\test_suppression_service.py .... [ 13%]
......                                                                   [ 13%]
tests\generative\test_api.py ...................................         [ 14%]
tests\generative\test_commands.py ................                       [ 14%]
tests\generative\test_credits.py FFF.FFFFFFFF....F                       [ 15%]
tests\generative\test_integrations.py ................                   [ 15%]
tests\generative\test_models.py ........................................ [ 16%]
..                                                                       [ 16%]
tests\generative\test_tasks.py ..FFFFFFF..                               [ 17%]
tests\i18n_preferences\test_api.py ............                          [ 17%]
tests\i18n_preferences\test_helpers.py .............                     [ 18%]
tests\i18n_preferences\test_middleware.py ...........                    [ 18%]
tests\i18n_preferences\test_services.py ..............                   [ 18%]
tests\i18n_preferences\test_validators.py .......                        [ 19%]
tests\integration\test_b11_acl.py ......                                 [ 19%]
tests\integration\test_b16_acl.py ......                                 [ 19%]
tests\integration\test_b17_routing.py ......                             [ 19%]
tests\integration\test_permission_caching.py ......                      [ 19%]
tests\integration\test_permissions_current.py .........                  [ 20%]
tests\integration\test_settings_acl.py ................                  [ 20%]
tests\integration\test_structured_403.py ..........                      [ 20%]
tests\medialib\test_collections.py .......                               [ 21%]
tests\medialib\test_relations.py ....                                    [ 21%]
tests\medialib\test_search.py ss...                                      [ 21%]
tests\medialib\test_thumbnails.py ...                                    [ 21%]
tests\navigation\test_api.py .............                               [ 21%]
tests\navigation\test_models.py .........                                [ 22%]
tests\navigation\test_services.py ...........                            [ 22%]
tests\notifications\test_permissions.py ........                         [ 22%]
tests\notifications\channels\test_email.py ...........                   [ 22%]
tests\notifications\channels\test_in_app.py ........                     [ 23%]
tests\notifications\channels\test_webhook.py ........                    [ 23%]
tests\notifications\integration\test_email_delivery.py .......           [ 23%]
tests\notifications\integration\test_health_checks.py ..........         [ 23%]
tests\notifications\integration\test_webhook_delivery.py ........        [ 24%]
tests\notifications\models\test_delivery_attempt.py ..................   [ 24%]
tests\notifications\models\test_notification.py ........................ [ 25%]
..                                                                       [ 25%]
tests\notifications\models\test_notification_type.py ..............      [ 25%]
tests\notifications\models\test_retry_policy.py ............             [ 26%]
tests\notifications\serializers\test_notification_serializers.py ....... [ 26%]
.                                                                        [ 26%]
tests\notifications\services\test_audit_service.py .........             [ 26%]
tests\notifications\services\test_retry_service.py ..............        [ 27%]
tests\notifications\tasks\test_cleanup_tasks.py ..........               [ 27%]
tests\notifications\views\test_in_app_views.py ........ss.               [ 27%]
tests\notifications\views\test_notification_views.py .................ss [ 28%]
                                                                         [ 28%]
tests\observability\test_cache_metrics.py .....................          [ 29%]
tests\observability\test_health_views.py s                               [ 29%]
tests\observability\test_metrics.py sssss                                [ 29%]
tests\organisations\test_assign_member.py .                              [ 29%]
tests\organisations\test_membership_removal.py .                         [ 29%]
tests\permissions\test_admin.py ................                         [ 29%]
tests\permissions\test_api.py .......................................... [ 31%]
...................                                                      [ 31%]
tests\permissions\test_audit.py ..............s.......                   [ 32%]
tests\permissions\test_evaluator.py .........................            [ 33%]
tests\permissions\test_models.py ..............................          [ 33%]
tests\permissions\test_seed_command.py ...................               [ 34%]
tests\projects\test_access_control_flow.py .                             [ 34%]
tests\projects\test_analytics_api.py ..                                  [ 34%]
tests\projects\test_integration.py sssssssssssss                         [ 34%]
tests\projects\test_invitation_api.py ............                       [ 35%]
tests\projects\test_managers.py FFFF...........                          [ 35%]
tests\projects\test_membership_api.py ...........                        [ 36%]
tests\projects\test_membership_service.py .......                        [ 36%]
tests\projects\test_model_validation.py .F...                            [ 36%]
tests\projects\test_models.py .......................                    [ 37%]
tests\projects\test_permission_resolution.py ......                      [ 37%]
tests\projects\test_permissions.py ..................                    [ 37%]
tests\projects\test_private_projects.py ....                             [ 38%]
tests\projects\test_promotion_api.py .......                             [ 38%]
tests\projects\test_serializers.py ...........F........                  [ 38%]
tests\projects\test_views.py ..............................              [ 39%]
tests\search\test_api.py .....                                           [ 39%]
tests\search\test_signals.py ..                                          [ 39%]
tests\security\test_b11_bypass.py .......ss                              [ 40%]
tests\security\test_b16_bypass.py .........                              [ 40%]
tests\security\test_b17_bypass.py .s......s                              [ 40%]
tests\security\test_settings_bypass.py .......s.......                   [ 41%]
tests\security\test_view_access.py ..                                    [ 41%]
tests\security_baseline\test_init.py .                                   [ 41%]
tests\security_baseline\integration\test_constitutional_engine_integration.py . [ 41%]
..                                                                       [ 41%]
tests\security_baseline\integration\test_startup_advisory.py .           [ 41%]
tests\security_baseline\integration\test_startup_strict.py ..            [ 41%]
tests\settings\test_admin.py ............................                [ 42%]
tests\settings\test_api.py ......................                        [ 42%]
tests\settings\test_audit_integration.py .......                         [ 43%]
tests\settings\test_basic.py ......                                      [ 43%]
tests\settings\test_cache.py ..................                          [ 43%]
tests\settings\test_models.py ...............                            [ 44%]
tests\settings\test_models_basic.py .......                              [ 44%]
tests\settings\test_permissions.py .....................                 [ 45%]
tests\settings\test_permissions_focused.py sssssssssssssssssssssss       [ 45%]
tests\settings\test_rest_api.py ....F.F.................                 [ 46%]
tests\settings\test_serializers.py ..........................            [ 47%]
tests\settings\test_serializers_focused.py ............................. [ 48%]
...                                                                      [ 48%]
tests\settings\test_simple.py ..                                         [ 48%]
tests\settings\test_user_scope.py .....s...........                      [ 48%]
tests\settings\test_user_stories.py .................                    [ 49%]
tests\settings\test_views.py ............................                [ 50%]
tests\sport_configuration\test_api_outfits.py .......................... [ 51%]
..                                                                       [ 51%]
tests\sport_configuration\test_api_sports.py .............F.F........... [ 51%]
......                                                                   [ 52%]
tests\sport_configuration\test_api_validation.py EEE..EEEEE.EEEFEE.EEE   [ 52%]
tests\sport_configuration\test_integration.py ..................         [ 53%]
tests\sport_configuration\test_models.py .F.FF..........F............... [ 54%]
..E.EEEEE                                                                [ 54%]
tests\sport_configuration\test_outfit_service.py ......................  [ 55%]
tests\sport_configuration\test_validation_service.py ................... [ 55%]
........                                                                 [ 55%]
tests\tasks\test_api_security.py .
